// Jest Snapshot v1, https://goo.gl/fbAQLP

exports[`PosesLibrary renders correctly 1`] = `
<DocumentFragment>
  <div>
    <div
      class="top-nav-bar"
    />
    <div
      class="side-bar"
    >
      <div
        class="sidebar-container"
      >
        <div
          class="search-bar"
        >
          <form>
            <input
              class="search-input"
              placeholder="Search by name ..."
              type="text"
            />
            <button
              class="clear-filter onClick={handleClearFilter}"
              type="submit"
            >
              Clear filter
            </button>
            <button
              class="search-button"
              type="submit"
            >
              Search
            </button>
          </form>
        </div>
        <div
          class="sidebar-title"
        >
          Categories
        </div>
        <div
          class="sidebar-div"
        >
          <button
            class="sidebar-button"
          >
            Core
          </button>
        </div>
        <div
          class="sidebar-div"
        >
          <button
            class="sidebar-button"
          >
            Seated
          </button>
        </div>
        <div
          class="sidebar-div"
        >
          <button
            class="sidebar-button"
          >
            Strengthening
          </button>
        </div>
        <div
          class="sidebar-div"
        >
          <button
            class="sidebar-button"
          >
            Chest Opening
          </button>
        </div>
        <div
          class="sidebar-div"
        >
          <button
            class="sidebar-button"
          >
            Backbend
          </button>
        </div>
        <div
          class="sidebar-title"
        >
          Skill level
        </div>
        <div
          class="sidebar-div"
        >
          <button
            class="sidebar-button"
          >
            Beginner
          </button>
        </div>
        <div
          class="sidebar-div"
        >
          <button
            class="sidebar-button"
          >
            Intermediate
          </button>
        </div>
        <div
          class="sidebar-div"
        >
          <button
            class="sidebar-button"
          >
            Advanced
          </button>
        </div>
      </div>
    </div>
    <div
      class="page-content__container"
    >
      <div
        class="poses__library"
      >
        <div
          class="poses__container"
        />
      </div>
    </div>
  </div>
</DocumentFragment>
`;
